[2026-06-18 23:33:51,677][root][INFO] - download models from model hub: ms
[2026-06-18 23:33:53,328][root][WARNING] - trust_remote_code: False
[2026-06-18 23:33:56,690][root][INFO] - Loading pretrained params from C:\Users\guopl\.cache\modelscope\hub\models\iic\speech_seaco_paraformer_large_asr_nat-zh-cn-16k-common-vocab8404-pytorch\model.pt
[2026-06-18 23:33:56,697][root][INFO] - ckpt: C:\Users\guopl\.cache\modelscope\hub\models\iic\speech_seaco_paraformer_large_asr_nat-zh-cn-16k-common-vocab8404-pytorch\model.pt
[2026-06-18 23:33:58,368][root][INFO] - scope_map: ['module.', 'None']
[2026-06-18 23:33:58,368][root][INFO] - excludes: None
[2026-06-18 23:33:58,749][root][INFO] - Loading ckpt: C:\Users\guopl\.cache\modelscope\hub\models\iic\speech_seaco_paraformer_large_asr_nat-zh-cn-16k-common-vocab8404-pytorch\model.pt, status: <All keys matched successfully>
[2026-06-18 23:33:58,990][root][INFO] - Building VAD model.
[2026-06-18 23:33:58,991][root][INFO] - download models from model hub: ms
[2026-06-18 23:34:00,653][root][WARNING] - trust_remote_code: False
[2026-06-18 23:34:00,675][root][INFO] - Loading pretrained params from C:\Users\guopl\.cache\modelscope\hub\models\iic\speech_fsmn_vad_zh-cn-16k-common-pytorch\model.pt
[2026-06-18 23:34:00,675][root][INFO] - ckpt: C:\Users\guopl\.cache\modelscope\hub\models\iic\speech_fsmn_vad_zh-cn-16k-common-pytorch\model.pt
[2026-06-18 23:34:00,685][root][INFO] - scope_map: ['module.', 'None']
[2026-06-18 23:34:00,685][root][INFO] - excludes: None
[2026-06-18 23:34:00,690][root][INFO] - Loading ckpt: C:\Users\guopl\.cache\modelscope\hub\models\iic\speech_fsmn_vad_zh-cn-16k-common-pytorch\model.pt, status: <All keys matched successfully>
[2026-06-18 23:34:00,692][root][INFO] - Building punc model.
[2026-06-18 23:34:00,692][root][INFO] - download models from model hub: ms
[2026-06-18 23:34:01,642][root][WARNING] - trust_remote_code: False
[2026-06-18 23:34:05,282][jieba][DEBUG] - Building prefix dict from the default dictionary ...
[2026-06-18 23:34:05,282][jieba][DEBUG] - Loading model from cache C:\Users\guopl\AppData\Local\Temp\jieba.cache
[2026-06-18 23:34:06,592][jieba][DEBUG] - Loading model cost 1.310 seconds.
[2026-06-18 23:34:06,592][jieba][DEBUG] - Prefix dict has been built successfully.
[2026-06-18 23:34:58,316][root][INFO] - Loading pretrained params from C:\Users\guopl\.cache\modelscope\hub\models\iic\punc_ct-transformer_cn-en-common-vocab471067-large\model.pt
[2026-06-18 23:34:58,320][root][INFO] - ckpt: C:\Users\guopl\.cache\modelscope\hub\models\iic\punc_ct-transformer_cn-en-common-vocab471067-large\model.pt
[2026-06-18 23:35:01,212][root][INFO] - scope_map: ['module.', 'None']
[2026-06-18 23:35:01,212][root][INFO] - excludes: None
[2026-06-18 23:35:01,669][root][INFO] - Loading ckpt: C:\Users\guopl\.cache\modelscope\hub\models\iic\punc_ct-transformer_cn-en-common-vocab471067-large\model.pt, status: <All keys matched successfully>
