[2026-06-18 23:33:33,226][root][INFO] - download models from model hub: ms
[2026-06-18 23:33:35,160][root][WARNING] - trust_remote_code: False
[2026-06-18 23:33:39,018][root][INFO] - Loading pretrained params from C:\Users\guopl\.cache\modelscope\hub\models\iic\speech_seaco_paraformer_large_asr_nat-zh-cn-16k-common-vocab8404-pytorch\model.pt
[2026-06-18 23:33:39,035][root][INFO] - ckpt: C:\Users\guopl\.cache\modelscope\hub\models\iic\speech_seaco_paraformer_large_asr_nat-zh-cn-16k-common-vocab8404-pytorch\model.pt
[2026-06-18 23:33:41,072][root][INFO] - scope_map: ['module.', 'None']
[2026-06-18 23:33:41,073][root][INFO] - excludes: None
[2026-06-18 23:33:41,554][root][INFO] - Loading ckpt: C:\Users\guopl\.cache\modelscope\hub\models\iic\speech_seaco_paraformer_large_asr_nat-zh-cn-16k-common-vocab8404-pytorch\model.pt, status: <All keys matched successfully>
[2026-06-18 23:33:41,796][root][INFO] - Building VAD model.
[2026-06-18 23:33:41,797][root][INFO] - download models from model hub: ms
[2026-06-18 23:33:43,441][root][WARNING] - trust_remote_code: False
[2026-06-18 23:33:43,456][root][INFO] - Loading pretrained params from C:\Users\guopl\.cache\modelscope\hub\models\iic\speech_fsmn_vad_zh-cn-16k-common-pytorch\model.pt
[2026-06-18 23:33:43,456][root][INFO] - ckpt: C:\Users\guopl\.cache\modelscope\hub\models\iic\speech_fsmn_vad_zh-cn-16k-common-pytorch\model.pt
[2026-06-18 23:33:43,479][root][INFO] - scope_map: ['module.', 'None']
[2026-06-18 23:33:43,479][root][INFO] - excludes: None
[2026-06-18 23:33:43,485][root][INFO] - Loading ckpt: C:\Users\guopl\.cache\modelscope\hub\models\iic\speech_fsmn_vad_zh-cn-16k-common-pytorch\model.pt, status: <All keys matched successfully>
[2026-06-18 23:33:43,486][root][INFO] - Building punc model.
[2026-06-18 23:33:43,486][root][INFO] - download models from model hub: ms
[2026-06-18 23:33:44,443][root][WARNING] - trust_remote_code: False
[2026-06-18 23:33:47,956][jieba][DEBUG] - Building prefix dict from the default dictionary ...
[2026-06-18 23:33:47,956][jieba][DEBUG] - Loading model from cache C:\Users\guopl\AppData\Local\Temp\jieba.cache
[2026-06-18 23:33:49,108][jieba][DEBUG] - Loading model cost 1.152 seconds.
[2026-06-18 23:33:49,108][jieba][DEBUG] - Prefix dict has been built successfully.
[2026-06-18 23:34:39,677][root][INFO] - Loading pretrained params from C:\Users\guopl\.cache\modelscope\hub\models\iic\punc_ct-transformer_cn-en-common-vocab471067-large\model.pt
[2026-06-18 23:34:39,679][root][INFO] - ckpt: C:\Users\guopl\.cache\modelscope\hub\models\iic\punc_ct-transformer_cn-en-common-vocab471067-large\model.pt
[2026-06-18 23:34:44,569][root][INFO] - scope_map: ['module.', 'None']
[2026-06-18 23:34:44,570][root][INFO] - excludes: None
[2026-06-18 23:34:44,901][root][INFO] - Loading ckpt: C:\Users\guopl\.cache\modelscope\hub\models\iic\punc_ct-transformer_cn-en-common-vocab471067-large\model.pt, status: <All keys matched successfully>
