[2026-06-18 23:27:13,550][root][INFO] - download models from model hub: ms
[2026-06-18 23:27:15,303][root][WARNING] - trust_remote_code: False
[2026-06-18 23:27:17,793][root][INFO] - Loading pretrained params from C:\Users\guopl\.cache\modelscope\hub\models\iic\speech_seaco_paraformer_large_asr_nat-zh-cn-16k-common-vocab8404-pytorch\model.pt
[2026-06-18 23:27:17,803][root][INFO] - ckpt: C:\Users\guopl\.cache\modelscope\hub\models\iic\speech_seaco_paraformer_large_asr_nat-zh-cn-16k-common-vocab8404-pytorch\model.pt
[2026-06-18 23:27:19,322][root][INFO] - scope_map: ['module.', 'None']
[2026-06-18 23:27:19,323][root][INFO] - excludes: None
[2026-06-18 23:27:19,682][root][INFO] - Loading ckpt: C:\Users\guopl\.cache\modelscope\hub\models\iic\speech_seaco_paraformer_large_asr_nat-zh-cn-16k-common-vocab8404-pytorch\model.pt, status: <All keys matched successfully>
[2026-06-18 23:27:19,909][root][INFO] - Building VAD model.
[2026-06-18 23:27:19,909][root][INFO] - download models from model hub: ms
[2026-06-18 23:27:21,554][root][WARNING] - trust_remote_code: False
[2026-06-18 23:27:21,568][root][INFO] - Loading pretrained params from C:\Users\guopl\.cache\modelscope\hub\models\iic\speech_fsmn_vad_zh-cn-16k-common-pytorch\model.pt
[2026-06-18 23:27:21,569][root][INFO] - ckpt: C:\Users\guopl\.cache\modelscope\hub\models\iic\speech_fsmn_vad_zh-cn-16k-common-pytorch\model.pt
[2026-06-18 23:27:21,583][root][INFO] - scope_map: ['module.', 'None']
[2026-06-18 23:27:21,583][root][INFO] - excludes: None
[2026-06-18 23:27:21,586][root][INFO] - Loading ckpt: C:\Users\guopl\.cache\modelscope\hub\models\iic\speech_fsmn_vad_zh-cn-16k-common-pytorch\model.pt, status: <All keys matched successfully>
[2026-06-18 23:27:21,587][root][INFO] - Building punc model.
[2026-06-18 23:27:21,587][root][INFO] - download models from model hub: ms
[2026-06-18 23:27:22,496][root][WARNING] - trust_remote_code: False
[2026-06-18 23:27:26,443][jieba][DEBUG] - Building prefix dict from the default dictionary ...
[2026-06-18 23:27:26,444][jieba][DEBUG] - Loading model from cache C:\Users\guopl\AppData\Local\Temp\jieba.cache
[2026-06-18 23:27:27,642][jieba][DEBUG] - Loading model cost 1.199 seconds.
[2026-06-18 23:27:27,643][jieba][DEBUG] - Prefix dict has been built successfully.
[2026-06-18 23:28:10,516][root][INFO] - Loading pretrained params from C:\Users\guopl\.cache\modelscope\hub\models\iic\punc_ct-transformer_cn-en-common-vocab471067-large\model.pt
[2026-06-18 23:28:10,518][root][INFO] - ckpt: C:\Users\guopl\.cache\modelscope\hub\models\iic\punc_ct-transformer_cn-en-common-vocab471067-large\model.pt
[2026-06-18 23:28:13,414][root][INFO] - scope_map: ['module.', 'None']
[2026-06-18 23:28:13,415][root][INFO] - excludes: None
[2026-06-18 23:28:13,768][root][INFO] - Loading ckpt: C:\Users\guopl\.cache\modelscope\hub\models\iic\punc_ct-transformer_cn-en-common-vocab471067-large\model.pt, status: <All keys matched successfully>
