[2026-06-18 23:29:56,934][root][INFO] - download models from model hub: ms
[2026-06-18 23:29:58,512][root][WARNING] - trust_remote_code: False
[2026-06-18 23:30:02,925][root][INFO] - Loading pretrained params from C:\Users\guopl\.cache\modelscope\hub\models\iic\speech_seaco_paraformer_large_asr_nat-zh-cn-16k-common-vocab8404-pytorch\model.pt
[2026-06-18 23:30:02,941][root][INFO] - ckpt: C:\Users\guopl\.cache\modelscope\hub\models\iic\speech_seaco_paraformer_large_asr_nat-zh-cn-16k-common-vocab8404-pytorch\model.pt
[2026-06-18 23:30:04,909][root][INFO] - scope_map: ['module.', 'None']
[2026-06-18 23:30:04,909][root][INFO] - excludes: None
[2026-06-18 23:30:05,309][root][INFO] - Loading ckpt: C:\Users\guopl\.cache\modelscope\hub\models\iic\speech_seaco_paraformer_large_asr_nat-zh-cn-16k-common-vocab8404-pytorch\model.pt, status: <All keys matched successfully>
[2026-06-18 23:30:05,519][root][INFO] - Building VAD model.
[2026-06-18 23:30:05,519][root][INFO] - download models from model hub: ms
[2026-06-18 23:30:07,110][root][WARNING] - trust_remote_code: False
[2026-06-18 23:30:07,137][root][INFO] - Loading pretrained params from C:\Users\guopl\.cache\modelscope\hub\models\iic\speech_fsmn_vad_zh-cn-16k-common-pytorch\model.pt
[2026-06-18 23:30:07,138][root][INFO] - ckpt: C:\Users\guopl\.cache\modelscope\hub\models\iic\speech_fsmn_vad_zh-cn-16k-common-pytorch\model.pt
[2026-06-18 23:30:07,214][root][INFO] - scope_map: ['module.', 'None']
[2026-06-18 23:30:07,216][root][INFO] - excludes: None
[2026-06-18 23:30:07,221][root][INFO] - Loading ckpt: C:\Users\guopl\.cache\modelscope\hub\models\iic\speech_fsmn_vad_zh-cn-16k-common-pytorch\model.pt, status: <All keys matched successfully>
[2026-06-18 23:30:07,223][root][INFO] - Building punc model.
[2026-06-18 23:30:07,223][root][INFO] - download models from model hub: ms
[2026-06-18 23:30:08,220][root][WARNING] - trust_remote_code: False
[2026-06-18 23:30:12,455][jieba][DEBUG] - Building prefix dict from the default dictionary ...
[2026-06-18 23:30:12,455][jieba][DEBUG] - Loading model from cache C:\Users\guopl\AppData\Local\Temp\jieba.cache
[2026-06-18 23:30:13,664][jieba][DEBUG] - Loading model cost 1.209 seconds.
[2026-06-18 23:30:13,665][jieba][DEBUG] - Prefix dict has been built successfully.
[2026-06-18 23:31:21,335][root][INFO] - Loading pretrained params from C:\Users\guopl\.cache\modelscope\hub\models\iic\punc_ct-transformer_cn-en-common-vocab471067-large\model.pt
[2026-06-18 23:31:21,341][root][INFO] - ckpt: C:\Users\guopl\.cache\modelscope\hub\models\iic\punc_ct-transformer_cn-en-common-vocab471067-large\model.pt
[2026-06-18 23:31:24,860][root][INFO] - scope_map: ['module.', 'None']
[2026-06-18 23:31:24,862][root][INFO] - excludes: None
[2026-06-18 23:31:25,272][root][INFO] - Loading ckpt: C:\Users\guopl\.cache\modelscope\hub\models\iic\punc_ct-transformer_cn-en-common-vocab471067-large\model.pt, status: <All keys matched successfully>
