[2026-06-18 23:29:36,930][root][INFO] - download models from model hub: ms
[2026-06-18 23:29:39,230][root][WARNING] - trust_remote_code: False
[2026-06-18 23:29:41,741][root][INFO] - Loading pretrained params from C:\Users\guopl\.cache\modelscope\hub\models\iic\speech_seaco_paraformer_large_asr_nat-zh-cn-16k-common-vocab8404-pytorch\model.pt
[2026-06-18 23:29:41,747][root][INFO] - ckpt: C:\Users\guopl\.cache\modelscope\hub\models\iic\speech_seaco_paraformer_large_asr_nat-zh-cn-16k-common-vocab8404-pytorch\model.pt
[2026-06-18 23:29:43,666][root][INFO] - scope_map: ['module.', 'None']
[2026-06-18 23:29:43,667][root][INFO] - excludes: None
[2026-06-18 23:29:44,106][root][INFO] - Loading ckpt: C:\Users\guopl\.cache\modelscope\hub\models\iic\speech_seaco_paraformer_large_asr_nat-zh-cn-16k-common-vocab8404-pytorch\model.pt, status: <All keys matched successfully>
[2026-06-18 23:29:44,385][root][INFO] - Building VAD model.
[2026-06-18 23:29:44,385][root][INFO] - download models from model hub: ms
[2026-06-18 23:29:46,306][root][WARNING] - trust_remote_code: False
[2026-06-18 23:29:46,323][root][INFO] - Loading pretrained params from C:\Users\guopl\.cache\modelscope\hub\models\iic\speech_fsmn_vad_zh-cn-16k-common-pytorch\model.pt
[2026-06-18 23:29:46,325][root][INFO] - ckpt: C:\Users\guopl\.cache\modelscope\hub\models\iic\speech_fsmn_vad_zh-cn-16k-common-pytorch\model.pt
[2026-06-18 23:29:46,344][root][INFO] - scope_map: ['module.', 'None']
[2026-06-18 23:29:46,344][root][INFO] - excludes: None
[2026-06-18 23:29:46,346][root][INFO] - Loading ckpt: C:\Users\guopl\.cache\modelscope\hub\models\iic\speech_fsmn_vad_zh-cn-16k-common-pytorch\model.pt, status: <All keys matched successfully>
[2026-06-18 23:29:46,347][root][INFO] - Building punc model.
[2026-06-18 23:29:46,348][root][INFO] - download models from model hub: ms
[2026-06-18 23:29:47,263][root][WARNING] - trust_remote_code: False
[2026-06-18 23:29:50,242][jieba][DEBUG] - Building prefix dict from the default dictionary ...
[2026-06-18 23:29:50,244][jieba][DEBUG] - Loading model from cache C:\Users\guopl\AppData\Local\Temp\jieba.cache
[2026-06-18 23:29:51,485][jieba][DEBUG] - Loading model cost 1.242 seconds.
[2026-06-18 23:29:51,486][jieba][DEBUG] - Prefix dict has been built successfully.
[2026-06-18 23:30:43,406][root][INFO] - Loading pretrained params from C:\Users\guopl\.cache\modelscope\hub\models\iic\punc_ct-transformer_cn-en-common-vocab471067-large\model.pt
[2026-06-18 23:30:43,407][root][INFO] - ckpt: C:\Users\guopl\.cache\modelscope\hub\models\iic\punc_ct-transformer_cn-en-common-vocab471067-large\model.pt
[2026-06-18 23:30:52,541][root][INFO] - scope_map: ['module.', 'None']
[2026-06-18 23:30:52,541][root][INFO] - excludes: None
[2026-06-18 23:30:55,128][root][INFO] - Loading ckpt: C:\Users\guopl\.cache\modelscope\hub\models\iic\punc_ct-transformer_cn-en-common-vocab471067-large\model.pt, status: <All keys matched successfully>
